# pretty name = BP32
# added 'BP32+VariableByte'
# pretty name = copy
# added 'JustCopy'
# pretty name = simdbinarypacking
# added 'SIMDBinaryPacking+VariableByte'
# pretty name = vbyte
# added 'VariableByte'
# found uniformdynamic
# sparse uniform data generation...
# generated 1024 arrays
# their size is  32768
#BP32+VariableByte	JustCopy	SIMDBinaryPacking+VariableByte	VariableByte	
# for each scheme we give compression speed (million int./s) decompression speed and bits per integer
14	821.5	1160	16.7		1261	1542	32		1322	1658	17.01		196.4	158.4	18.88		
# generated 32 arrays
# their size is  1048576
#BP32+VariableByte	JustCopy	SIMDBinaryPacking+VariableByte	VariableByte	
# for each scheme we give compression speed (million int./s) decompression speed and bits per integer
9	812	997.7	11.7		1203	1486	32		1330	1539	12.04		259.9	224.3	14.24		
# generated 1 arrays
# their size is  33554432
#BP32+VariableByte	JustCopy	SIMDBinaryPacking+VariableByte	VariableByte	
# for each scheme we give compression speed (million int./s) decompression speed and bits per integer
4	799.8	993.1	6.686		1183	1454	32		1308	1649	7.032		756.2	673.7	8.003		
# building summary 
###################
#test 1 of 3
#wall clock (delta mis, comp mis, decomp mis, idelta mis, bits per int)
#
#BP32+VariableByte                        	 -1 	 821.5 	 1160 	 -1 	 16.7
#JustCopy                                 	 -1 	 1261 	 1542 	 -1 	 32
#SIMDBinaryPacking+VariableByte           	 -1 	 1322 	 1658 	 -1 	 17.01
#VariableByte                             	 -1 	 196.4 	 158.4 	 -1 	 18.88
#
#
###################
#test 2 of 3
#wall clock (delta mis, comp mis, decomp mis, idelta mis, bits per int)
#
#BP32+VariableByte                        	 -1 	 812 	 997.7 	 -1 	 11.7
#JustCopy                                 	 -1 	 1203 	 1486 	 -1 	 32
#SIMDBinaryPacking+VariableByte           	 -1 	 1330 	 1539 	 -1 	 12.04
#VariableByte                             	 -1 	 259.9 	 224.3 	 -1 	 14.24
#
#
###################
#test 3 of 3
#wall clock (delta mis, comp mis, decomp mis, idelta mis, bits per int)
#
#BP32+VariableByte                        	 -1 	 799.8 	 993.1 	 -1 	 6.686
#JustCopy                                 	 -1 	 1183 	 1454 	 -1 	 32
#SIMDBinaryPacking+VariableByte           	 -1 	 1308 	 1649 	 -1 	 7.032
#VariableByte                             	 -1 	 756.2 	 673.7 	 -1 	 8.003
#
#
